                                 EXPERIMENT NO: 1.1 DDL COMMANDS-A
                                 *******************************

1.Create a table EMPLOYEE have the following fields (emp_id, name,city,dob,adhar_no)

MYSQL>create table EMPLOYEE(emp_id int,emp_name varchar(20),city varchar(20),emp_DOB date ,emp_adhno int);
Query OK, 0 rows affected (0.20 sec)
MYSQL>desc EMPLOYEE;
+-----------+-------------+------+-----+---------+-------+
| Field     | Type        | Null | Key | Default | Extra |
+-----------+-------------+------+-----+---------+-------+
| emp_id    | int(11)     | YES  |     | NULL    |       |
| emp_name  | varchar(20) | YES  |     | NULL    |       |
| city      | varchar(20) | YES  |     | NULL    |       |
| emp_DOB   | date        | YES  |     | NULL    |       |
| emp_adhno | int(11)     | YES  |     | NULL    |       |
+-----------+-------------+------+-----+---------+-------+
5 rows in set (0.01 sec)

 2 .Create a table STUDENT have the fields(roll_no, name, age, address, gender)and add following constraints on it.
 Roll_no – Primary key
               Name – does not allow null values
               Age- must be in between (0-99), does not allow null values
               Gender- default value is ‘m’
MYSQL>create table STUDENT(roll_no int primary key,name varchar(20)not null,gender varchar(20) default'm',address varchar(20),check(Age<100));
Query OK, 0 rows affected (0.19 sec)
desc STUDENT;
+---------+-------------+------+-----+---------+-------+
| Field   | Type        | Null | Key | Default | Extra |
+---------+-------------+------+-----+---------+-------+
| roll_no | int(11)     | NO   | PRI | NULL    |       |
| name    | varchar(20) | NO   |     | NULL    |       |
| gender  | varchar(20) | YES  |     | m       |       |
| address | varchar(20) | YES  |     | NULL    |       |
+---------+-------------+------+-----+---------+-------+
4 rows in set (0.00 sec)

3.Create a temporary table STUDENT1 of STUDENT relation.
MYSQL>create temporary table STUDENT1  select*from STUDENT;
Query OK, 0 rows affected (0.02 sec)
Records: 0  Duplicates: 0  Warnings: 0

desc STUDENT1;
+---------+-------------+------+-----+---------+-------+
| Field   | Type        | Null | Key | Default | Extra |
+---------+-------------+------+-----+---------+-------+
| roll_no | int(11)     | NO   |     | NULL    |       |
| name    | varchar(20) | NO   |     | NULL    |       |
| gender  | varchar(20) | YES  |     | m       |       |
| address | varchar(20) | YES  |     | NULL    |       |
+---------+-------------+------+-----+---------+-------+
4 rows in set (0.00 sec)

4. Create a duplicate table of EMPLOYEE.

MYSQL>CREATE TABLE IF NOT EXISTS EMPLOYEE_DUP SELECT * FROM EMPLOYEE;
Query OK, 0 rows affected (0.19 sec)
Records: 0  Duplicates: 0  Warnings: 0

 desc EMPLOYEE_DUP;
+-----------+-------------+------+-----+---------+-------+
| Field     | Type        | Null | Key | Default | Extra |
+-----------+-------------+------+-----+---------+-------+
| emp_id    | int(11)     | YES  |     | NULL    |       |
| emp_name  | varchar(20) | YES  |     | NULL    |       |
| city      | varchar(20) | YES  |     | NULL    |       |
| emp_DOB   | date        | YES  |     | NULL    |       |
| emp_adhno | int(11)     | YES  |     | NULL    |       |
+-----------+-------------+------+-----+---------+-------+
5 rows in set (0.00 sec)


5.  Create an INVOICE database and having following tables.

                      Customer(id, name, address, city, ph_no)
                      Product(pid,  pname, price (default 0))
                      Invoice_master(inv_id, cust_id(FK), inv_date)
                      Invoice_item(inv_id (FK),  pid(FK), quantity)
   
MYSQL>create database INVOICE1;
Query OK, 1 row affected (0.00 sec)
use  INVOICE1;
Database changed

MYSQL>create table customer(cus_id int primary key,cus_address varchar(20),cus_city varchar(20),cus_phno varchar(20));
Query OK, 0 rows affected (0.19 sec)

 desc customer;
+-------------+-------------+------+-----+---------+-------+
| Field       | Type        | Null | Key | Default | Extra |
+-------------+-------------+------+-----+---------+-------+
| cus_id      | int(11)     | NO   | PRI | NULL    |       |
| cus_address | varchar(20) | YES  |     | NULL    |       |
| cus_city    | varchar(20) | YES  |     | NULL    |       |
| cus_phno    | varchar(20) | YES  |     | NULL    |       |
+-------------+-------------+------+-----+---------+-------+
4 rows in set (0.00 sec)

MYSQL> create table Product(p_id int primary key,pname varchar(20),price decimal(3,2) default '0');
Query OK, 0 rows affected (0.20 sec)

MYSQL> desc Product;
+-------+--------------+------+-----+---------+-------+
| Field | Type         | Null | Key | Default | Extra |
+-------+--------------+------+-----+---------+-------+
| p_id  | int(11)      | NO   | PRI | NULL    |       |
| pname | varchar(20)  | YES  |     | NULL    |       |
| price | decimal(3,2) | YES  |     | 0.00    |       |
+-------+--------------+------+-----+---------+-------+
3 rows in set (0.00 sec)

MYSQL>create table INVOICE1_MASTER(inv_id int primary key,cus_id int,inv_date date,foreign key(cus_id) references customer(cus_id));
Query OK, 0 rows affected (0.28 sec)

MYSQL> desc INVOICE1_MASTER ;
 
  +----------+---------+------+-----+---------+-------+
| Field    | Type    | Null | Key | Default | Extra |
+----------+---------+------+-----+---------+-------+
| inv_id   | int(11) | NO   | PRI | NULL    |       |
| cus_id   | int(11) | YES  | MUL | NULL    |       |
| inv_date | date    | YES  |     | NULL    |       |
+----------+---------+------+-----+---------+-------+
3 rows in set (0.00 sec)

mysql> create table INVOICE1_ITEM(inv_id int,p_id int,quantity int,foreign key(inv_id) references INVOICE1_MASTER(inv_id),foreign key(p_irences Product(p_id));
Query OK, 0 rows affected (0.38 sec)

mysql> desc INVOICE1_MASTER;
+----------+---------+------+-----+---------+-------+
| Field    | Type    | Null | Key | Default | Extra |
+----------+---------+------+-----+---------+-------+
| inv_id   | int(11) | NO   | PRI | NULL    |       |
| cus_id   | int(11) | YES  | MUL | NULL    |       |
| inv_date | date    | YES  |     | NULL    |       |
+----------+---------+------+-----+---------+-------+
3 rows in set (0.00 sec)

  

                           EXPERIMENT NO: 1.1DDL COMMANDS- ALTER & DROP-B
                                 *******************************
 1. Add a column ‘SSN’ at the first position in the table EMPLOYEE
 mysql> alter table EMPLOYEE add ssn int first;
Query OK, 0 rows affected (0.36 sec)
Records: 0  Duplicates: 0  Warnings: 0

mysql> desc EMPLOYEE;
+-----------+-------------+------+-----+---------+-------+
| Field     | Type        | Null | Key | Default | Extra |
+-----------+-------------+------+-----+---------+-------+
| ssn       | int(11)     | YES  |     | NULL    |       |
| emp_id    | int(11)     | YES  |     | NULL    |       |
| emp_name  | varchar(20) | YES  |     | NULL    |       |
| city      | varchar(20) | YES  |     | NULL    |       |
| emp_DOB   | date        | YES  |     | NULL    |       |
| emp_adhno | int(11)     | YES  |     | NULL    |       |
+-----------+-------------+------+-----+---------+-------+
6 rows in set (0.00 sec)

2. Change the data type of the column ‘DOB’  in year the table EMPLOYEE  
 

mysql> alter table EMPLOYEE modify column emp_dob year;
Query OK, 0 rows affected (0.46 sec)
Records: 0  Duplicates: 0  Warnings: 0

mysql> desc EMPLOYEE;
+-----------+-------------+------+-----+---------+-------+
| Field     | Type        | Null | Key | Default | Extra |
+-----------+-------------+------+-----+---------+-------+
| ssn       | int(11)     | YES  |     | NULL    |       |
| emp_id    | int(11)     | YES  |     | NULL    |       |
| emp_name  | varchar(20) | YES  |     | NULL    |       |
| city      | varchar(20) | YES  |     | NULL    |       |
| emp_dob   | year(4)     | YES  |     | NULL    |       |
| emp_adhno | int(11)     | YES  |     | NULL    |       |
+-----------+-------------+------+-----+---------+-------+
6 rows in set (0.01 sec)

3.Delete the column ‘emp_id’ the table EMPLOYEE.
  mysql> alter table EMPLOYEE drop column emp_id;
Query OK, 0 rows affected (0.36 sec)
Records: 0  Duplicates: 0  Warnings: 0

mysql> desc EMPLOYEE;
+-----------+-------------+------+-----+---------+-------+
| Field     | Type        | Null | Key | Default | Extra |
+-----------+-------------+------+-----+---------+-------+
| ssn       | int(11)     | YES  |     | NULL    |       |
| emp_name  | varchar(20) | YES  |     | NULL    |       |
| city      | varchar(20) | YES  |     | NULL    |       |
| emp_dob   | year(4)     | YES  |     | NULL    |       |
| emp_adhno | int(11)     | YES  |     | NULL    |       |
+-----------+-------------+------+-----+---------+-------+
5 rows in set (0.00 sec)

4. Add  the constraint unique for columns ‘SSN, ‘adhar_no’ the table EMPLOYEE

mysql> ALTER TABLE EMPLOYEE ADD CONSTRAINT C1 UNIQUE(SSN),ADD  CONSTRAINT C2 UNIQUE(emp_adhno);
Query OK, 0 rows affected (0.24 sec)
Records: 0  Duplicates: 0  Warnings: 0

mysql> desc EMPLOYEE;
+-----------+-------------+------+-----+---------+-------+
| Field     | Type        | Null | Key | Default | Extra |
+-----------+-------------+------+-----+---------+-------+
| ssn       | int(11)     | YES  | UNI | NULL    |       |
| emp_name  | varchar(20) | YES  |     | NULL    |       |
| city      | varchar(20) | YES  |     | NULL    |       |
| emp_dob   | year(4)     | YES  |     | NULL    |       |
| emp_adhno | int(11)     | YES  | UNI | NULL    |       |
+-----------+-------------+------+-----+---------+-------+
5 rows in set (0.00 sec)

5. Delete the NULL constraint of ‘age’ in the STUDENT table.
mysql> ALTER TABLE STUDENT MODIFY AGE INT NOT NULL;
Query OK, 0 rows affected (0.32 sec)
Records: 0  Duplicates: 0  Warnings: 0

mysql> DESC STUDENT;
+---------+-------------+------+-----+---------+-------+
| Field   | Type        | Null | Key | Default | Extra |
+---------+-------------+------+-----+---------+-------+
| roll_no | int(11)     | NO   | PRI | NULL    |       |
| name    | varchar(20) | NO   |     | NULL    |       |
| gender  | varchar(20) | YES  |     | m       |       |
| address | varchar(20) | YES  |     | NULL    |       |
| AGE     | int(11)     | NO   |     | NULL    |       |
+---------+-------------+------+-----+---------+-------+
5 rows in set (0.00 sec)

 6. Change the table name EMPLOYEE as PERSON
 mysql> alter table EMPLOYEE rename to PERSON;
Query OK, 0 rows affected (0.09 sec)

mysql> DESC PERSON;
+-----------+-------------+------+-----+---------+-------+
| Field     | Type        | Null | Key | Default | Extra |
+-----------+-------------+------+-----+---------+-------+
| ssn       | int(11)     | YES  | UNI | NULL    |       |
| emp_name  | varchar(20) | YES  |     | NULL    |       |
| city      | varchar(20) | YES  |     | NULL    |       |
| emp_dob   | year(4)     | YES  |     | NULL    |       |
| emp_adhno | int(11)     | YES  | UNI | NULL    |       |
+-----------+-------------+------+-----+---------+-------+
5 rows in set (0.00 sec)

7. Delete the table EMPLOYEE_DUP.

mysql> show tables;
+---------------+
| Tables_in_KSB |
+---------------+
| EMPLOYEE      |
| EMPLOYEE_DUP  |
| STUDENT       |
| book          |
| customer      |
| employee      |
| order1        |
| person        |
+---------------+
8 rows in set (0.00 sec)

mysql> Drop  table EMPLOYEE_DUP;
Query OK, 0 rows affected (0.16 sec)
mysql> desc EMPLOYEE_DUP;
ERROR 1146 (42S02): Table 'KSB.EMPLOYEE_DUP' doesn't exist

